<html>
<body>
<pre>
<h1>µVision Build Log</h1>
<h2>Tool Versions:</h2>
IDE-Version: ¦ÌVision V5.41.0.0
Copyright (C) 2024 ARM Ltd and ARM Germany GmbH. All rights reserved.
License Information: wenqin zhou, cqu, LIC=21E4T-R1JS9-PCIJ8-3S952-67JG4-3DRS2
 
Tool Versions:
Toolchain:       MDK-ARM Plus  Version: 5.41.0.0
Toolchain Path:  D:\Keil_v5\ARM\ARMCLANG\Bin
C Compiler:      ArmClang.exe V6.22
Assembler:       Armasm.exe V6.22
Linker/Locator:  ArmLink.exe V6.22
Library Manager: ArmAr.exe V6.22
Hex Converter:   FromElf.exe V6.22
CPU DLL:         SARMCM3.DLL V5.41.0.0
Dialog DLL:      DCM.DLL V1.17.5.0
Target DLL:      STLink\ST-LINKIII-KEIL_SWO.dll V3.3.0.0
Dialog DLL:      TCM.DLL V1.56.4.0
 
<h2>Project:</h2>
D:\Documents\SELECT\MDK-ARM\SELECT.uvprojx
Project File Date:  03/01/2025

<h2>Output:</h2>
*** Using Compiler 'V6.22', folder: 'D:\Keil_v5\ARM\ARMCLANG\Bin'
Rebuild target 'SELECT'
assembling startup_stm32f407xx.s...
compiling main.c...
compiling spi.c...
compiling stm32f4xx_hal_rcc.c...
compiling stm32f4xx_it.c...
compiling stm32f4xx_hal_flash_ramfunc.c...
compiling stm32f4xx_hal_can.c...
compiling stm32f4xx_hal_flash_ex.c...
compiling stm32f4xx_hal_msp.c...
compiling can.c...
compiling stm32f4xx_hal_rcc_ex.c...
compiling gpio.c...
compiling stm32f4xx_hal_flash.c...
compiling stm32f4xx_hal_gpio.c...
compiling stm32f4xx_hal_dma_ex.c...
compiling stm32f4xx_hal.c...
compiling stm32f4xx_hal_cortex.c...
compiling stm32f4xx_hal_pwr_ex.c...
compiling stm32f4xx_hal_exti.c...
compiling stm32f4xx_hal_pwr.c...
compiling stm32f4xx_hal_dma.c...
compiling stm32f4xx_hal_tim.c...
compiling M3508.c...
compiling stm32f4xx_hal_tim_ex.c...
compiling system_stm32f4xx.c...
compiling BSP_CAN.c...
compiling gimbal.c...
compiling PS2.c...
compiling Chassis.c...
compiling stm32f4xx_hal_spi.c...
linking...
Program Size: Code=7666 RO-data=442 RW-data=12 ZI-data=1916  
FromELF: creating hex file...
"SELECT\SELECT.axf" - 0 Error(s), 0 Warning(s).

<h2>Software Packages used:</h2>

Package Vendor: ARM
                https://www.keil.com/pack/ARM.CMSIS.6.1.0.pack
                ARM::CMSIS@6.1.0
                CMSIS (Common Microcontroller Software Interface Standard)
   * Component: CORE Version: 6.1.0

Package Vendor: Keil
                https://www.keil.com/pack/Keil.STM32F4xx_DFP.3.0.0.pack
                Keil::STM32F4xx_DFP@3.0.0
                STMicroelectronics STM32F4 Series Device Support

<h2>Collection of Component include folders:</h2>
  ./RTE/_SELECT
  D:/Packs/ARM/CMSIS/6.1.0/CMSIS/Core/Include

<h2>Collection of Component Files used:</h2>

   * Component: ARM::CMSIS:CORE@6.1.0
      Include file:  CMSIS/Core/Include/tz_context.h
Build Time Elapsed:  00:00:01
</pre>
</body>
</html>
